<html>
<body>
<pre>
<h1>µVision Build Log</h1>
<h2>Project:</h2>
C:\Users\student\Desktop\Archive\Automaty_4\MISDZIOL.uvproj
Project File Date:  03/09/2019

<h2>Output:</h2>
Rebuild target 'Target 1'
assembling Startup.s...
compiling main.c...
compiling keyboard.c...
compiling led.c...
linking...
Program Size: Code=1800 RO-data=32 RW-data=8 ZI-data=1256  
FromELF: creating hex file...
".\MISDZIOL.axf" - 0 Errors, 0 Warning(s).
Rebuild target 'Target 1'
assembling Startup.s...
compiling main.c...
compiling keyboard.c...
compiling led.c...
linking...
Program Size: Code=1800 RO-data=32 RW-data=8 ZI-data=1256  
FromELF: creating hex file...
".\MISDZIOL.axf" - 0 Errors, 0 Warning(s).
Rebuild target 'Target 1'
assembling Startup.s...
compiling main.c...
compiling keyboard.c...
compiling led.c...
linking...
Program Size: Code=1800 RO-data=32 RW-data=8 ZI-data=1256  
FromELF: creating hex file...
".\MISDZIOL.axf" - 0 Errors, 0 Warning(s).
Rebuild target 'Target 1'
assembling Startup.s...
compiling main.c...
compiling keyboard.c...
compiling led.c...
linking...
Program Size: Code=1800 RO-data=32 RW-data=8 ZI-data=1256  
FromELF: creating hex file...
".\MISDZIOL.axf" - 0 Errors, 0 Warning(s).
Rebuild target 'Target 1'
assembling Startup.s...
compiling main.c...
compiling keyboard.c...
compiling led.c...
linking...
Program Size: Code=1808 RO-data=32 RW-data=8 ZI-data=1256  
FromELF: creating hex file...
".\MISDZIOL.axf" - 0 Errors, 0 Warning(s).
Rebuild target 'Target 1'
assembling Startup.s...
compiling main.c...
compiling keyboard.c...
compiling led.c...
linking...
Program Size: Code=1808 RO-data=32 RW-data=8 ZI-data=1256  
FromELF: creating hex file...
".\MISDZIOL.axf" - 0 Errors, 0 Warning(s).
