<html>
<body>
<pre>
<h1>µVision Build Log</h1>
<h2>Project:</h2>
D:\STUDIA\Podstawy programowania systemow wbudowanych\GIT\ppsw_lab\laboratoria\Wysylanie_lancuchow_6\MISDZIOL.uvproj
Project File Date:  06/01/2019

<h2>Output:</h2>
Rebuild target 'Target 1'
assembling Startup.s...
compiling main.c...
compiling keyboard.c...
compiling led.c...
compiling timer.c...
compiling timer_interrupts.c...
compiling servo.c...
compiling uart.c...
compiling string.c...
compiling command_decoder.c...
linking...
Program Size: Code=4752 RO-data=32 RW-data=80 ZI-data=1352  
FromELF: creating hex file...
".\MISDZIOL.axf" - 0 Errors, 0 Warning(s).
