<html>
<body>
<pre>
<h1>µVision Build Log</h1>
<h2>Project:</h2>
D:\STUDIA\Podstawy programowania systemow wbudowanych\GIT\laboratoria\Serwo_4\MISDZIOL.uvproj
Project File Date:  04/24/2019

<h2>Output:</h2>
Rebuild target 'Target 1'
assembling Startup.s...
compiling main.c...
compiling keyboard.c...
compiling led.c...
compiling timer.c...
compiling timer_interrupts.c...
compiling servo.c...
linking...
Program Size: Code=2500 RO-data=32 RW-data=12 ZI-data=1268  
FromELF: creating hex file...
".\MISDZIOL.axf" - 0 Errors, 0 Warning(s).
Rebuild target 'Target 1'
assembling Startup.s...
compiling main.c...
compiling keyboard.c...
compiling led.c...
compiling timer.c...
compiling timer_interrupts.c...
compiling servo.c...
linking...
Program Size: Code=2500 RO-data=32 RW-data=12 ZI-data=1268  
FromELF: creating hex file...
".\MISDZIOL.axf" - 0 Errors, 0 Warning(s).
Rebuild target 'Target 1'
assembling Startup.s...
compiling main.c...
compiling keyboard.c...
compiling led.c...
compiling timer.c...
compiling timer_interrupts.c...
compiling servo.c...
linking...
Program Size: Code=2500 RO-data=32 RW-data=12 ZI-data=1268  
FromELF: creating hex file...
".\MISDZIOL.axf" - 0 Errors, 0 Warning(s).
Rebuild target 'Target 1'
assembling Startup.s...
compiling main.c...
compiling keyboard.c...
compiling led.c...
compiling timer.c...
compiling timer_interrupts.c...
compiling servo.c...
linking...
Program Size: Code=2500 RO-data=32 RW-data=12 ZI-data=1268  
FromELF: creating hex file...
".\MISDZIOL.axf" - 0 Errors, 0 Warning(s).
