<html>
<body>
<pre>
<h1>µVision Build Log</h1>
<h2>Project:</h2>
D:\STUDIA\Podstawy programowania systemow wbudowanych\GIT\laboratoria\Serwo_4\MISDZIOL.uvproj
Project File Date:  04/24/2019

<h2>Output:</h2>
Rebuild target 'Target 1'
assembling Startup.s...
compiling main.c...
compiling keyboard.c...
compiling led.c...
compiling timer.c...
compiling timer_interrupts.c...
linking...
Program Size: Code=2528 RO-data=32 RW-data=12 ZI-data=1268  
FromELF: creating hex file...
".\MISDZIOL.axf" - 0 Errors, 0 Warning(s).
Rebuild target 'Target 1'
assembling Startup.s...
compiling main.c...
compiling keyboard.c...
compiling led.c...
compiling timer.c...
compiling timer_interrupts.c...
linking...
Program Size: Code=2528 RO-data=32 RW-data=12 ZI-data=1268  
FromELF: creating hex file...
".\MISDZIOL.axf" - 0 Errors, 0 Warning(s).
Rebuild target 'Target 1'
assembling Startup.s...
compiling main.c...
compiling keyboard.c...
compiling led.c...
compiling timer.c...
compiling timer_interrupts.c...
linking...
Program Size: Code=2528 RO-data=32 RW-data=12 ZI-data=1268  
FromELF: creating hex file...
".\MISDZIOL.axf" - 0 Errors, 0 Warning(s).
Rebuild target 'Target 1'
assembling Startup.s...
compiling main.c...
servo.h(2): warning:  #1295-D: Deprecated declaration eReadDetector - give arg types
servo.h(6): warning:  #1-D: last line of file ends without a newline
compiling keyboard.c...
compiling led.c...
compiling timer.c...
compiling timer_interrupts.c...
compiling servo.c...
servo.c(91): warning:  #1-D: last line of file ends without a newline
linking...
Program Size: Code=2528 RO-data=32 RW-data=12 ZI-data=1268  
FromELF: creating hex file...
".\MISDZIOL.axf" - 0 Errors, 3 Warning(s).
Rebuild target 'Target 1'
assembling Startup.s...
compiling main.c...
servo.h(2): warning:  #1295-D: Deprecated declaration eReadDetector - give arg types
compiling keyboard.c...
compiling led.c...
compiling timer.c...
compiling timer_interrupts.c...
compiling servo.c...
linking...
Program Size: Code=2528 RO-data=32 RW-data=12 ZI-data=1268  
FromELF: creating hex file...
".\MISDZIOL.axf" - 0 Errors, 1 Warning(s).
Rebuild target 'Target 1'
assembling Startup.s...
compiling main.c...
servo.h(4): warning:  #1295-D: Deprecated declaration eReadDetector - give arg types
compiling keyboard.c...
compiling led.c...
compiling timer.c...
compiling timer_interrupts.c...
compiling servo.c...
servo.c(25): error:  #97: a function may not return a value of this type
servo.c(27): error:  #20: identifier "ACTIVE" is undefined
servo.c(30): error:  #20: identifier "INACTIVE" is undefined
servo.c(38): error:  #20: identifier "INACTIVE" is undefined
".\MISDZIOL.axf" - 4 Errors, 1 Warning(s).
Target not created
Rebuild target 'Target 1'
assembling Startup.s...
compiling main.c...
servo.h(4): warning:  #1295-D: Deprecated declaration eReadDetector - give arg types
compiling keyboard.c...
compiling led.c...
compiling timer.c...
compiling timer_interrupts.c...
compiling servo.c...
servo.h(4): warning:  #1295-D: Deprecated declaration eReadDetector - give arg types
linking...
Program Size: Code=2528 RO-data=32 RW-data=12 ZI-data=1268  
FromELF: creating hex file...
".\MISDZIOL.axf" - 0 Errors, 2 Warning(s).
Rebuild target 'Target 1'
assembling Startup.s...
compiling main.c...
compiling keyboard.c...
compiling led.c...
compiling timer.c...
compiling timer_interrupts.c...
compiling servo.c...
linking...
.\MISDZIOL.axf: Error: L6200E: Symbol sServo multiply defined (by servo.o and main.o).
".\MISDZIOL.axf" - 1 Errors, 0 Warning(s).
Target not created
Rebuild target 'Target 1'
assembling Startup.s...
compiling main.c...
compiling keyboard.c...
compiling led.c...
compiling timer.c...
compiling timer_interrupts.c...
compiling servo.c...
linking...
.\MISDZIOL.axf: Error: L6200E: Symbol sServo multiply defined (by servo.o and main.o).
".\MISDZIOL.axf" - 1 Errors, 0 Warning(s).
Target not created
Rebuild target 'Target 1'
assembling Startup.s...
compiling main.c...
compiling keyboard.c...
compiling led.c...
compiling timer.c...
compiling timer_interrupts.c...
compiling servo.c...
linking...
.\MISDZIOL.axf: Error: L6200E: Symbol sServo multiply defined (by servo.o and main.o).
".\MISDZIOL.axf" - 1 Errors, 0 Warning(s).
Target not created
Rebuild target 'Target 1'
assembling Startup.s...
compiling main.c...
compiling keyboard.c...
compiling led.c...
compiling timer.c...
compiling timer_interrupts.c...
compiling servo.c...
linking...
Program Size: Code=2528 RO-data=32 RW-data=12 ZI-data=1268  
FromELF: creating hex file...
".\MISDZIOL.axf" - 0 Errors, 0 Warning(s).
Rebuild target 'Target 1'
assembling Startup.s...
compiling main.c...
compiling keyboard.c...
compiling led.c...
compiling timer.c...
compiling timer_interrupts.c...
compiling servo.c...
linking...
Program Size: Code=2528 RO-data=32 RW-data=12 ZI-data=1268  
FromELF: creating hex file...
".\MISDZIOL.axf" - 0 Errors, 0 Warning(s).
Rebuild target 'Target 1'
assembling Startup.s...
compiling main.c...
compiling keyboard.c...
compiling led.c...
compiling timer.c...
compiling timer_interrupts.c...
compiling servo.c...
linking...
Program Size: Code=2528 RO-data=32 RW-data=12 ZI-data=1268  
FromELF: creating hex file...
".\MISDZIOL.axf" - 0 Errors, 0 Warning(s).
Rebuild target 'Target 1'
assembling Startup.s...
compiling main.c...
compiling keyboard.c...
compiling led.c...
compiling timer.c...
compiling timer_interrupts.c...
compiling servo.c...
servo.c(69): warning:  #223-D: function "KeyboardInit" declared implicitly
linking...
Program Size: Code=2528 RO-data=32 RW-data=12 ZI-data=1268  
FromELF: creating hex file...
".\MISDZIOL.axf" - 0 Errors, 1 Warning(s).
Rebuild target 'Target 1'
assembling Startup.s...
compiling main.c...
compiling keyboard.c...
compiling led.c...
compiling timer.c...
compiling timer_interrupts.c...
compiling servo.c...
linking...
Program Size: Code=2528 RO-data=32 RW-data=12 ZI-data=1268  
FromELF: creating hex file...
".\MISDZIOL.axf" - 0 Errors, 0 Warning(s).
Rebuild target 'Target 1'
assembling Startup.s...
compiling main.c...
compiling keyboard.c...
compiling led.c...
compiling timer.c...
compiling timer_interrupts.c...
compiling servo.c...
linking...
Program Size: Code=2528 RO-data=32 RW-data=12 ZI-data=1268  
FromELF: creating hex file...
".\MISDZIOL.axf" - 0 Errors, 0 Warning(s).
Rebuild target 'Target 1'
assembling Startup.s...
compiling main.c...
compiling keyboard.c...
compiling led.c...
compiling timer.c...
compiling timer_interrupts.c...
compiling servo.c...
linking...
Program Size: Code=2528 RO-data=32 RW-data=12 ZI-data=1268  
FromELF: creating hex file...
".\MISDZIOL.axf" - 0 Errors, 0 Warning(s).
