<html>
<body>
<pre>
<h1>µVision Build Log</h1>
<h2>Project:</h2>
D:\STUDIA\Podstawy programowania systemow wbudowanych\GIT\laboratoria\Timery_1\MISDZIOL.uvproj
Project File Date:  04/03/2019

<h2>Output:</h2>
Rebuild target 'Target 1'
assembling Startup.s...
compiling main.c...
timer.h(4): warning:  #1295-D: Deprecated declaration WaitOnTimerMatch0 - give arg types
compiling keyboard.c...
compiling led.c...
compiling timer.c...
timer.h(4): warning:  #1295-D: Deprecated declaration WaitOnTimerMatch0 - give arg types
linking...
Program Size: Code=1340 RO-data=32 RW-data=4 ZI-data=1260  
FromELF: creating hex file...
".\MISDZIOL.axf" - 0 Errors, 2 Warning(s).
