<html>
<body>
<pre>
<h1>µVision Build Log</h1>
<h2>Project:</h2>
D:\STUDIA\Podstawy programowania systemow wbudowanych\GIT\ppsw_lab\laboratoria\AC_przetwornik\MISDZIOL.uvproj
Project File Date:  06/01/2019

<h2>Output:</h2>
Rebuild target 'Target 1'
assembling Startup.s...
compiling main.c...
main.c(107): warning:  #61-D: integer operation result is out of range
main.c(107): warning:  #68-D: integer conversion resulted in a change of sign
main.c(107): warning:  #61-D: integer operation result is out of range
main.c(107): warning:  #68-D: integer conversion resulted in a change of sign
compiling keyboard.c...
compiling led.c...
compiling timer.c...
compiling timer_interrupts.c...
compiling servo.c...
compiling uart.c...
compiling string.c...
compiling command_decoder.c...
linking...
Program Size: Code=4940 RO-data=32 RW-data=80 ZI-data=1352  
FromELF: creating hex file...
".\MISDZIOL.axf" - 0 Errors, 4 Warning(s).
Rebuild target 'Target 1'
assembling Startup.s...
compiling main.c...
main.c(107): warning:  #61-D: integer operation result is out of range
main.c(107): warning:  #68-D: integer conversion resulted in a change of sign
main.c(107): warning:  #61-D: integer operation result is out of range
main.c(107): warning:  #68-D: integer conversion resulted in a change of sign
compiling keyboard.c...
compiling led.c...
compiling timer.c...
compiling timer_interrupts.c...
compiling servo.c...
compiling uart.c...
compiling string.c...
compiling command_decoder.c...
linking...
Program Size: Code=4940 RO-data=32 RW-data=80 ZI-data=1352  
FromELF: creating hex file...
".\MISDZIOL.axf" - 0 Errors, 4 Warning(s).
Rebuild target 'Target 1'
assembling Startup.s...
compiling main.c...
main.c(107): warning:  #61-D: integer operation result is out of range
main.c(107): warning:  #68-D: integer conversion resulted in a change of sign
main.c(107): warning:  #61-D: integer operation result is out of range
main.c(107): warning:  #68-D: integer conversion resulted in a change of sign
compiling keyboard.c...
compiling led.c...
compiling timer.c...
compiling timer_interrupts.c...
compiling servo.c...
compiling uart.c...
compiling string.c...
compiling command_decoder.c...
linking...
Program Size: Code=4940 RO-data=32 RW-data=80 ZI-data=1352  
FromELF: creating hex file...
".\MISDZIOL.axf" - 0 Errors, 4 Warning(s).
Rebuild target 'Target 1'
assembling Startup.s...
compiling main.c...
main.c(104): warning:  #61-D: integer operation result is out of range
main.c(104): warning:  #68-D: integer conversion resulted in a change of sign
main.c(104): warning:  #61-D: integer operation result is out of range
main.c(104): warning:  #68-D: integer conversion resulted in a change of sign
compiling keyboard.c...
compiling led.c...
compiling timer.c...
compiling timer_interrupts.c...
compiling servo.c...
compiling uart.c...
compiling string.c...
compiling command_decoder.c...
linking...
Program Size: Code=4936 RO-data=32 RW-data=80 ZI-data=1352  
FromELF: creating hex file...
".\MISDZIOL.axf" - 0 Errors, 4 Warning(s).
Rebuild target 'Target 1'
assembling Startup.s...
compiling main.c...
main.c(103): warning:  #61-D: integer operation result is out of range
main.c(103): warning:  #68-D: integer conversion resulted in a change of sign
main.c(103): warning:  #61-D: integer operation result is out of range
main.c(103): warning:  #68-D: integer conversion resulted in a change of sign
compiling keyboard.c...
compiling led.c...
compiling timer.c...
compiling timer_interrupts.c...
compiling servo.c...
compiling uart.c...
compiling string.c...
compiling command_decoder.c...
linking...
Program Size: Code=4940 RO-data=32 RW-data=80 ZI-data=1352  
FromELF: creating hex file...
".\MISDZIOL.axf" - 0 Errors, 4 Warning(s).
Rebuild target 'Target 1'
assembling Startup.s...
compiling main.c...
main.c(103): warning:  #61-D: integer operation result is out of range
main.c(103): warning:  #68-D: integer conversion resulted in a change of sign
main.c(103): warning:  #61-D: integer operation result is out of range
main.c(103): warning:  #68-D: integer conversion resulted in a change of sign
compiling keyboard.c...
compiling led.c...
compiling timer.c...
compiling timer_interrupts.c...
compiling servo.c...
compiling uart.c...
compiling string.c...
compiling command_decoder.c...
linking...
Program Size: Code=4940 RO-data=32 RW-data=80 ZI-data=1352  
FromELF: creating hex file...
".\MISDZIOL.axf" - 0 Errors, 4 Warning(s).
Rebuild target 'Target 1'
assembling Startup.s...
compiling main.c...
main.c(107): warning:  #61-D: integer operation result is out of range
main.c(107): warning:  #68-D: integer conversion resulted in a change of sign
main.c(107): warning:  #61-D: integer operation result is out of range
main.c(107): warning:  #68-D: integer conversion resulted in a change of sign
compiling keyboard.c...
compiling led.c...
compiling timer.c...
compiling timer_interrupts.c...
compiling servo.c...
compiling uart.c...
compiling string.c...
compiling command_decoder.c...
linking...
Program Size: Code=4940 RO-data=32 RW-data=80 ZI-data=1352  
FromELF: creating hex file...
".\MISDZIOL.axf" - 0 Errors, 4 Warning(s).
Rebuild target 'Target 1'
assembling Startup.s...
compiling main.c...
main.c(107): warning:  #61-D: integer operation result is out of range
main.c(107): warning:  #68-D: integer conversion resulted in a change of sign
main.c(107): warning:  #61-D: integer operation result is out of range
main.c(107): warning:  #68-D: integer conversion resulted in a change of sign
compiling keyboard.c...
compiling led.c...
compiling timer.c...
compiling timer_interrupts.c...
compiling servo.c...
compiling uart.c...
compiling string.c...
compiling command_decoder.c...
linking...
Program Size: Code=4928 RO-data=32 RW-data=80 ZI-data=1352  
FromELF: creating hex file...
".\MISDZIOL.axf" - 0 Errors, 4 Warning(s).
Rebuild target 'Target 1'
assembling Startup.s...
compiling main.c...
main.c(107): warning:  #61-D: integer operation result is out of range
main.c(107): warning:  #68-D: integer conversion resulted in a change of sign
main.c(107): warning:  #61-D: integer operation result is out of range
main.c(107): warning:  #68-D: integer conversion resulted in a change of sign
compiling keyboard.c...
compiling led.c...
compiling timer.c...
compiling timer_interrupts.c...
compiling servo.c...
compiling uart.c...
compiling string.c...
compiling command_decoder.c...
linking...
Program Size: Code=4928 RO-data=32 RW-data=80 ZI-data=1352  
FromELF: creating hex file...
".\MISDZIOL.axf" - 0 Errors, 4 Warning(s).
Rebuild target 'Target 1'
assembling Startup.s...
compiling main.c...
main.c(107): warning:  #61-D: integer operation result is out of range
main.c(107): warning:  #68-D: integer conversion resulted in a change of sign
main.c(107): warning:  #61-D: integer operation result is out of range
main.c(107): warning:  #68-D: integer conversion resulted in a change of sign
compiling keyboard.c...
compiling led.c...
compiling timer.c...
compiling timer_interrupts.c...
compiling servo.c...
compiling uart.c...
compiling string.c...
compiling command_decoder.c...
linking...
Program Size: Code=4928 RO-data=32 RW-data=80 ZI-data=1352  
FromELF: creating hex file...
".\MISDZIOL.axf" - 0 Errors, 4 Warning(s).
Rebuild target 'Target 1'
assembling Startup.s...
compiling main.c...
main.c(107): warning:  #61-D: integer operation result is out of range
main.c(107): warning:  #68-D: integer conversion resulted in a change of sign
main.c(107): warning:  #61-D: integer operation result is out of range
main.c(107): warning:  #68-D: integer conversion resulted in a change of sign
compiling keyboard.c...
compiling led.c...
compiling timer.c...
compiling timer_interrupts.c...
compiling servo.c...
compiling uart.c...
compiling string.c...
compiling command_decoder.c...
linking...
Program Size: Code=4940 RO-data=32 RW-data=80 ZI-data=1352  
FromELF: creating hex file...
".\MISDZIOL.axf" - 0 Errors, 4 Warning(s).
Rebuild target 'Target 1'
assembling Startup.s...
compiling main.c...
main.c(107): warning:  #61-D: integer operation result is out of range
main.c(107): warning:  #68-D: integer conversion resulted in a change of sign
main.c(107): warning:  #61-D: integer operation result is out of range
main.c(107): warning:  #68-D: integer conversion resulted in a change of sign
compiling keyboard.c...
compiling led.c...
compiling timer.c...
compiling timer_interrupts.c...
compiling servo.c...
compiling uart.c...
compiling string.c...
compiling command_decoder.c...
linking...
Program Size: Code=4940 RO-data=32 RW-data=80 ZI-data=1352  
FromELF: creating hex file...
".\MISDZIOL.axf" - 0 Errors, 4 Warning(s).
Rebuild target 'Target 1'
assembling Startup.s...
compiling main.c...
main.c(107): warning:  #61-D: integer operation result is out of range
main.c(107): warning:  #68-D: integer conversion resulted in a change of sign
main.c(107): warning:  #61-D: integer operation result is out of range
main.c(107): warning:  #68-D: integer conversion resulted in a change of sign
compiling keyboard.c...
compiling led.c...
compiling timer.c...
compiling timer_interrupts.c...
compiling servo.c...
compiling uart.c...
compiling string.c...
compiling command_decoder.c...
linking...
Program Size: Code=4940 RO-data=32 RW-data=80 ZI-data=1352  
FromELF: creating hex file...
".\MISDZIOL.axf" - 0 Errors, 4 Warning(s).
Rebuild target 'Target 1'
assembling Startup.s...
compiling main.c...
main.c(107): warning:  #61-D: integer operation result is out of range
main.c(107): warning:  #68-D: integer conversion resulted in a change of sign
main.c(107): warning:  #61-D: integer operation result is out of range
main.c(107): warning:  #68-D: integer conversion resulted in a change of sign
compiling keyboard.c...
compiling led.c...
compiling timer.c...
compiling timer_interrupts.c...
compiling servo.c...
compiling uart.c...
compiling string.c...
compiling command_decoder.c...
linking...
Program Size: Code=4940 RO-data=32 RW-data=80 ZI-data=1352  
FromELF: creating hex file...
".\MISDZIOL.axf" - 0 Errors, 4 Warning(s).
Rebuild target 'Target 1'
assembling Startup.s...
compiling main.c...
main.c(107): warning:  #61-D: integer operation result is out of range
main.c(107): warning:  #68-D: integer conversion resulted in a change of sign
main.c(107): warning:  #61-D: integer operation result is out of range
main.c(107): warning:  #68-D: integer conversion resulted in a change of sign
compiling keyboard.c...
compiling led.c...
compiling timer.c...
compiling timer_interrupts.c...
compiling servo.c...
compiling uart.c...
compiling string.c...
compiling command_decoder.c...
linking...
Program Size: Code=4940 RO-data=32 RW-data=80 ZI-data=1352  
FromELF: creating hex file...
".\MISDZIOL.axf" - 0 Errors, 4 Warning(s).
Rebuild target 'Target 1'
assembling Startup.s...
compiling main.c...
main.c(107): warning:  #61-D: integer operation result is out of range
main.c(107): warning:  #68-D: integer conversion resulted in a change of sign
main.c(107): warning:  #61-D: integer operation result is out of range
main.c(107): warning:  #68-D: integer conversion resulted in a change of sign
compiling keyboard.c...
compiling led.c...
compiling timer.c...
compiling timer_interrupts.c...
compiling servo.c...
compiling uart.c...
compiling string.c...
compiling command_decoder.c...
linking...
Program Size: Code=4940 RO-data=32 RW-data=80 ZI-data=1352  
FromELF: creating hex file...
".\MISDZIOL.axf" - 0 Errors, 4 Warning(s).
Rebuild target 'Target 1'
assembling Startup.s...
compiling main.c...
main.c(107): warning:  #61-D: integer operation result is out of range
main.c(107): warning:  #68-D: integer conversion resulted in a change of sign
main.c(107): warning:  #61-D: integer operation result is out of range
main.c(107): warning:  #68-D: integer conversion resulted in a change of sign
compiling keyboard.c...
compiling led.c...
compiling timer.c...
compiling timer_interrupts.c...
compiling servo.c...
compiling uart.c...
compiling string.c...
compiling command_decoder.c...
linking...
Program Size: Code=4940 RO-data=32 RW-data=80 ZI-data=1352  
FromELF: creating hex file...
".\MISDZIOL.axf" - 0 Errors, 4 Warning(s).
Rebuild target 'Target 1'
assembling Startup.s...
compiling main.c...
main.c(107): warning:  #61-D: integer operation result is out of range
main.c(107): warning:  #68-D: integer conversion resulted in a change of sign
main.c(107): warning:  #61-D: integer operation result is out of range
main.c(107): warning:  #68-D: integer conversion resulted in a change of sign
compiling keyboard.c...
compiling led.c...
compiling timer.c...
compiling timer_interrupts.c...
compiling servo.c...
compiling uart.c...
compiling string.c...
compiling command_decoder.c...
linking...
Program Size: Code=4940 RO-data=32 RW-data=80 ZI-data=1352  
FromELF: creating hex file...
".\MISDZIOL.axf" - 0 Errors, 4 Warning(s).
Rebuild target 'Target 1'
assembling Startup.s...
compiling main.c...
main.c(109): warning:  #61-D: integer operation result is out of range
main.c(109): warning:  #68-D: integer conversion resulted in a change of sign
main.c(109): warning:  #61-D: integer operation result is out of range
main.c(109): warning:  #68-D: integer conversion resulted in a change of sign
compiling keyboard.c...
compiling led.c...
compiling timer.c...
compiling timer_interrupts.c...
compiling servo.c...
compiling uart.c...
compiling string.c...
compiling command_decoder.c...
linking...
Program Size: Code=4940 RO-data=32 RW-data=80 ZI-data=1352  
FromELF: creating hex file...
".\MISDZIOL.axf" - 0 Errors, 4 Warning(s).
Rebuild target 'Target 1'
assembling Startup.s...
compiling main.c...
main.c(109): warning:  #61-D: integer operation result is out of range
main.c(109): warning:  #68-D: integer conversion resulted in a change of sign
main.c(109): warning:  #61-D: integer operation result is out of range
main.c(109): warning:  #68-D: integer conversion resulted in a change of sign
compiling keyboard.c...
compiling led.c...
compiling timer.c...
compiling timer_interrupts.c...
compiling servo.c...
compiling uart.c...
compiling string.c...
compiling command_decoder.c...
linking...
Program Size: Code=4940 RO-data=32 RW-data=80 ZI-data=1352  
FromELF: creating hex file...
".\MISDZIOL.axf" - 0 Errors, 4 Warning(s).
Rebuild target 'Target 1'
assembling Startup.s...
compiling main.c...
main.c(109): warning:  #61-D: integer operation result is out of range
main.c(109): warning:  #68-D: integer conversion resulted in a change of sign
main.c(109): warning:  #61-D: integer operation result is out of range
main.c(109): warning:  #68-D: integer conversion resulted in a change of sign
compiling keyboard.c...
compiling led.c...
compiling timer.c...
compiling timer_interrupts.c...
compiling servo.c...
compiling uart.c...
compiling string.c...
compiling command_decoder.c...
linking...
Program Size: Code=4940 RO-data=32 RW-data=80 ZI-data=1352  
FromELF: creating hex file...
".\MISDZIOL.axf" - 0 Errors, 4 Warning(s).
Rebuild target 'Target 1'
assembling Startup.s...
compiling main.c...
main.c(109): warning:  #61-D: integer operation result is out of range
main.c(109): warning:  #68-D: integer conversion resulted in a change of sign
main.c(109): warning:  #61-D: integer operation result is out of range
main.c(109): warning:  #68-D: integer conversion resulted in a change of sign
compiling keyboard.c...
compiling led.c...
compiling timer.c...
compiling timer_interrupts.c...
compiling servo.c...
compiling uart.c...
compiling string.c...
compiling command_decoder.c...
linking...
Program Size: Code=4940 RO-data=32 RW-data=80 ZI-data=1352  
FromELF: creating hex file...
".\MISDZIOL.axf" - 0 Errors, 4 Warning(s).
