<html>
<body>
<pre>
<h1>µVision Build Log</h1>
<h2>Project:</h2>
D:\STUDIA\Podstawy programowania systemow wbudowanych\GIT\ppsw_lab\laboratoria\AC_przetwornik\MISDZIOL.uvproj
Project File Date:  06/01/2019

<h2>Output:</h2>
Rebuild target 'Target 1'
assembling Startup.s...
compiling main.c...
compiling keyboard.c...
compiling led.c...
compiling timer.c...
compiling timer_interrupts.c...
compiling servo.c...
compiling uart.c...
compiling string.c...
compiling command_decoder.c...
compiling ad_converter.c...
ad_converter.c(6): error:  #40: expected an identifier
ad_converter.c(6): error:  #18: expected a ")"
ad_converter.c(6): error:  #28: expression must have a constant value
".\MISDZIOL.axf" - 3 Errors, 0 Warning(s).
Target not created
Rebuild target 'Target 1'
assembling Startup.s...
compiling main.c...
main.c(44): warning:  #61-D: integer operation result is out of range
main.c(44): warning:  #68-D: integer conversion resulted in a change of sign
compiling keyboard.c...
compiling led.c...
compiling timer.c...
compiling timer_interrupts.c...
compiling servo.c...
compiling uart.c...
compiling string.c...
compiling command_decoder.c...
compiling ad_converter.c...
ad_converter.c(11): error:  #40: expected an identifier
".\MISDZIOL.axf" - 1 Errors, 2 Warning(s).
Target not created
Rebuild target 'Target 1'
assembling Startup.s...
compiling main.c...
main.c(44): error:  #268: declaration may not appear after executable statement in block
main.c(48): error:  #18: expected a ")"
main.c(48): warning:  #61-D: integer operation result is out of range
main.c(48): warning:  #68-D: integer conversion resulted in a change of sign
compiling keyboard.c...
compiling led.c...
compiling timer.c...
compiling timer_interrupts.c...
compiling servo.c...
compiling uart.c...
compiling string.c...
compiling command_decoder.c...
compiling ad_converter.c...
ad_converter.c(11): error:  #40: expected an identifier
".\MISDZIOL.axf" - 3 Errors, 2 Warning(s).
Target not created
Rebuild target 'Target 1'
assembling Startup.s...
compiling main.c...
main.c(60): error:  #268: declaration may not appear after executable statement in block
main.c(64): warning:  #61-D: integer operation result is out of range
main.c(64): warning:  #68-D: integer conversion resulted in a change of sign
main.c(64): warning:  #61-D: integer operation result is out of range
main.c(64): warning:  #68-D: integer conversion resulted in a change of sign
main.c(48): warning:  #177-D: variable "cTransmiterString" was declared but never referenced
main.c(49): warning:  #177-D: variable "cReceivedString" was declared but never referenced
main.c(50): warning:  #177-D: variable "fCalcToken" was declared but never referenced
main.c(51): warning:  #177-D: variable "fIDToken" was declared but never referenced
main.c(52): warning:  #177-D: variable "fUnKnownCommand" was declared but never referenced
compiling keyboard.c...
compiling led.c...
compiling timer.c...
compiling timer_interrupts.c...
compiling servo.c...
compiling uart.c...
compiling string.c...
compiling command_decoder.c...
".\MISDZIOL.axf" - 1 Errors, 9 Warning(s).
Target not created
Rebuild target 'Target 1'
assembling Startup.s...
compiling main.c...
main.c(64): warning:  #61-D: integer operation result is out of range
main.c(64): warning:  #68-D: integer conversion resulted in a change of sign
main.c(64): warning:  #61-D: integer operation result is out of range
main.c(64): warning:  #68-D: integer conversion resulted in a change of sign
main.c(50): warning:  #177-D: variable "fCalcToken" was declared but never referenced
main.c(51): warning:  #177-D: variable "fIDToken" was declared but never referenced
compiling keyboard.c...
compiling led.c...
compiling timer.c...
compiling timer_interrupts.c...
compiling servo.c...
compiling uart.c...
compiling string.c...
compiling command_decoder.c...
linking...
Program Size: Code=3756 RO-data=32 RW-data=20 ZI-data=1340  
FromELF: creating hex file...
".\MISDZIOL.axf" - 0 Errors, 6 Warning(s).
Rebuild target 'Target 1'
assembling Startup.s...
compiling main.c...
main.c(64): warning:  #61-D: integer operation result is out of range
main.c(64): warning:  #68-D: integer conversion resulted in a change of sign
main.c(64): warning:  #61-D: integer operation result is out of range
main.c(64): warning:  #68-D: integer conversion resulted in a change of sign
compiling keyboard.c...
compiling led.c...
compiling timer.c...
compiling timer_interrupts.c...
compiling servo.c...
compiling uart.c...
compiling string.c...
compiling command_decoder.c...
linking...
Program Size: Code=3756 RO-data=32 RW-data=20 ZI-data=1340  
FromELF: creating hex file...
".\MISDZIOL.axf" - 0 Errors, 4 Warning(s).
Rebuild target 'Target 1'
assembling Startup.s...
compiling main.c...
main.c(64): warning:  #61-D: integer operation result is out of range
main.c(64): warning:  #68-D: integer conversion resulted in a change of sign
main.c(64): warning:  #61-D: integer operation result is out of range
main.c(64): warning:  #68-D: integer conversion resulted in a change of sign
compiling keyboard.c...
compiling led.c...
compiling timer.c...
compiling timer_interrupts.c...
compiling servo.c...
compiling uart.c...
compiling string.c...
compiling command_decoder.c...
linking...
Program Size: Code=3756 RO-data=32 RW-data=20 ZI-data=1340  
FromELF: creating hex file...
".\MISDZIOL.axf" - 0 Errors, 4 Warning(s).
Rebuild target 'Target 1'
assembling Startup.s...
compiling main.c...
main.c(64): warning:  #61-D: integer operation result is out of range
main.c(64): warning:  #68-D: integer conversion resulted in a change of sign
main.c(64): warning:  #61-D: integer operation result is out of range
main.c(64): warning:  #68-D: integer conversion resulted in a change of sign
compiling keyboard.c...
compiling led.c...
compiling timer.c...
compiling timer_interrupts.c...
compiling servo.c...
compiling uart.c...
compiling string.c...
compiling command_decoder.c...
linking...
Program Size: Code=3756 RO-data=32 RW-data=20 ZI-data=1340  
FromELF: creating hex file...
".\MISDZIOL.axf" - 0 Errors, 4 Warning(s).
Rebuild target 'Target 1'
assembling Startup.s...
compiling main.c...
compiling keyboard.c...
compiling led.c...
compiling timer.c...
compiling timer_interrupts.c...
compiling servo.c...
compiling uart.c...
compiling string.c...
compiling command_decoder.c...
linking...
Program Size: Code=3732 RO-data=32 RW-data=20 ZI-data=1340  
FromELF: creating hex file...
".\MISDZIOL.axf" - 0 Errors, 0 Warning(s).
Rebuild target 'Target 1'
assembling Startup.s...
compiling main.c...
compiling keyboard.c...
compiling led.c...
compiling timer.c...
compiling timer_interrupts.c...
compiling servo.c...
compiling uart.c...
compiling string.c...
compiling command_decoder.c...
linking...
Program Size: Code=3732 RO-data=32 RW-data=20 ZI-data=1340  
FromELF: creating hex file...
".\MISDZIOL.axf" - 0 Errors, 0 Warning(s).
Rebuild target 'Target 1'
assembling Startup.s...
compiling main.c...
compiling keyboard.c...
compiling led.c...
compiling timer.c...
compiling timer_interrupts.c...
compiling servo.c...
compiling uart.c...
compiling string.c...
compiling command_decoder.c...
linking...
Program Size: Code=3732 RO-data=32 RW-data=20 ZI-data=1340  
FromELF: creating hex file...
".\MISDZIOL.axf" - 0 Errors, 0 Warning(s).
Rebuild target 'Target 1'
assembling Startup.s...
compiling main.c...
compiling keyboard.c...
compiling led.c...
compiling timer.c...
compiling timer_interrupts.c...
compiling servo.c...
compiling uart.c...
compiling string.c...
compiling command_decoder.c...
linking...
Program Size: Code=3732 RO-data=32 RW-data=20 ZI-data=1340  
FromELF: creating hex file...
".\MISDZIOL.axf" - 0 Errors, 0 Warning(s).
Rebuild target 'Target 1'
assembling Startup.s...
compiling main.c...
main.c(64): warning:  #61-D: integer operation result is out of range
main.c(64): warning:  #68-D: integer conversion resulted in a change of sign
main.c(64): warning:  #61-D: integer operation result is out of range
main.c(64): warning:  #68-D: integer conversion resulted in a change of sign
compiling keyboard.c...
compiling led.c...
compiling timer.c...
compiling timer_interrupts.c...
compiling servo.c...
compiling uart.c...
compiling string.c...
compiling command_decoder.c...
linking...
Program Size: Code=3776 RO-data=32 RW-data=20 ZI-data=1340  
FromELF: creating hex file...
".\MISDZIOL.axf" - 0 Errors, 4 Warning(s).
Rebuild target 'Target 1'
assembling Startup.s...
compiling main.c...
main.c(64): warning:  #61-D: integer operation result is out of range
main.c(64): warning:  #68-D: integer conversion resulted in a change of sign
main.c(64): warning:  #61-D: integer operation result is out of range
main.c(64): warning:  #68-D: integer conversion resulted in a change of sign
compiling keyboard.c...
compiling led.c...
compiling timer.c...
compiling timer_interrupts.c...
compiling servo.c...
compiling uart.c...
compiling string.c...
compiling command_decoder.c...
linking...
Program Size: Code=3776 RO-data=32 RW-data=20 ZI-data=1340  
FromELF: creating hex file...
".\MISDZIOL.axf" - 0 Errors, 4 Warning(s).
Rebuild target 'Target 1'
assembling Startup.s...
compiling main.c...
main.c(64): warning:  #61-D: integer operation result is out of range
main.c(64): warning:  #68-D: integer conversion resulted in a change of sign
main.c(64): warning:  #61-D: integer operation result is out of range
main.c(64): warning:  #68-D: integer conversion resulted in a change of sign
compiling keyboard.c...
compiling led.c...
compiling timer.c...
compiling timer_interrupts.c...
compiling servo.c...
compiling uart.c...
compiling string.c...
compiling command_decoder.c...
linking...
Program Size: Code=3776 RO-data=32 RW-data=20 ZI-data=1340  
FromELF: creating hex file...
".\MISDZIOL.axf" - 0 Errors, 4 Warning(s).
Rebuild target 'Target 1'
assembling Startup.s...
compiling main.c...
main.c(62): error:  #268: declaration may not appear after executable statement in block
main.c(66): warning:  #61-D: integer operation result is out of range
main.c(66): warning:  #68-D: integer conversion resulted in a change of sign
main.c(66): warning:  #61-D: integer operation result is out of range
main.c(66): warning:  #68-D: integer conversion resulted in a change of sign
compiling keyboard.c...
compiling led.c...
compiling timer.c...
compiling timer_interrupts.c...
compiling servo.c...
compiling uart.c...
compiling string.c...
compiling command_decoder.c...
".\MISDZIOL.axf" - 1 Errors, 4 Warning(s).
Target not created
Rebuild target 'Target 1'
assembling Startup.s...
compiling main.c...
main.c(67): warning:  #61-D: integer operation result is out of range
main.c(67): warning:  #68-D: integer conversion resulted in a change of sign
main.c(67): warning:  #61-D: integer operation result is out of range
main.c(67): warning:  #68-D: integer conversion resulted in a change of sign
compiling keyboard.c...
compiling led.c...
compiling timer.c...
compiling timer_interrupts.c...
compiling servo.c...
compiling uart.c...
compiling string.c...
compiling command_decoder.c...
linking...
Program Size: Code=3768 RO-data=32 RW-data=20 ZI-data=1340  
FromELF: creating hex file...
".\MISDZIOL.axf" - 0 Errors, 4 Warning(s).
Rebuild target 'Target 1'
assembling Startup.s...
compiling main.c...
main.c(67): warning:  #61-D: integer operation result is out of range
main.c(67): warning:  #61-D: integer operation result is out of range
compiling keyboard.c...
compiling led.c...
compiling timer.c...
compiling timer_interrupts.c...
compiling servo.c...
compiling uart.c...
compiling string.c...
compiling command_decoder.c...
linking...
Program Size: Code=3768 RO-data=32 RW-data=20 ZI-data=1340  
FromELF: creating hex file...
".\MISDZIOL.axf" - 0 Errors, 2 Warning(s).
Rebuild target 'Target 1'
assembling Startup.s...
compiling main.c...
main.c(67): warning:  #61-D: integer operation result is out of range
main.c(67): warning:  #61-D: integer operation result is out of range
compiling keyboard.c...
compiling led.c...
compiling timer.c...
compiling timer_interrupts.c...
compiling servo.c...
compiling uart.c...
compiling string.c...
compiling command_decoder.c...
linking...
Program Size: Code=3768 RO-data=32 RW-data=20 ZI-data=1340  
FromELF: creating hex file...
".\MISDZIOL.axf" - 0 Errors, 2 Warning(s).
Rebuild target 'Target 1'
assembling Startup.s...
compiling main.c...
main.c(67): warning:  #61-D: integer operation result is out of range
compiling keyboard.c...
compiling led.c...
compiling timer.c...
compiling timer_interrupts.c...
compiling servo.c...
compiling uart.c...
compiling string.c...
compiling command_decoder.c...
linking...
Program Size: Code=3768 RO-data=32 RW-data=20 ZI-data=1340  
FromELF: creating hex file...
".\MISDZIOL.axf" - 0 Errors, 1 Warning(s).
Rebuild target 'Target 1'
assembling Startup.s...
compiling main.c...
main.c(67): warning:  #61-D: integer operation result is out of range
compiling keyboard.c...
compiling led.c...
compiling timer.c...
compiling timer_interrupts.c...
compiling servo.c...
compiling uart.c...
compiling string.c...
compiling command_decoder.c...
linking...
Program Size: Code=3768 RO-data=32 RW-data=20 ZI-data=1340  
FromELF: creating hex file...
".\MISDZIOL.axf" - 0 Errors, 1 Warning(s).
Rebuild target 'Target 1'
assembling Startup.s...
compiling main.c...
main.c(67): warning:  #61-D: integer operation result is out of range
compiling keyboard.c...
compiling led.c...
compiling timer.c...
compiling timer_interrupts.c...
compiling servo.c...
compiling uart.c...
compiling string.c...
compiling command_decoder.c...
linking...
Program Size: Code=3768 RO-data=32 RW-data=20 ZI-data=1340  
FromELF: creating hex file...
".\MISDZIOL.axf" - 0 Errors, 1 Warning(s).
Rebuild target 'Target 1'
assembling Startup.s...
compiling main.c...
main.c(67): warning:  #61-D: integer operation result is out of range
compiling keyboard.c...
compiling led.c...
compiling timer.c...
compiling timer_interrupts.c...
compiling servo.c...
compiling uart.c...
compiling string.c...
compiling command_decoder.c...
linking...
Program Size: Code=3768 RO-data=32 RW-data=20 ZI-data=1340  
FromELF: creating hex file...
".\MISDZIOL.axf" - 0 Errors, 1 Warning(s).
Rebuild target 'Target 1'
assembling Startup.s...
compiling main.c...
main.c(66): warning:  #61-D: integer operation result is out of range
main.c(66): warning:  #68-D: integer conversion resulted in a change of sign
main.c(67): error:  #65: expected a ";"
main.c(54): warning:  #177-D: variable "uiADConverterData" was declared but never referenced
compiling keyboard.c...
compiling led.c...
compiling timer.c...
compiling timer_interrupts.c...
compiling servo.c...
compiling uart.c...
compiling string.c...
compiling command_decoder.c...
".\MISDZIOL.axf" - 1 Errors, 3 Warning(s).
Target not created
Rebuild target 'Target 1'
assembling Startup.s...
compiling main.c...
main.c(66): warning:  #61-D: integer operation result is out of range
main.c(66): warning:  #68-D: integer conversion resulted in a change of sign
main.c(54): warning:  #177-D: variable "uiADConverterData" was declared but never referenced
compiling keyboard.c...
compiling led.c...
compiling timer.c...
compiling timer_interrupts.c...
compiling servo.c...
compiling uart.c...
compiling string.c...
compiling command_decoder.c...
linking...
Program Size: Code=3772 RO-data=32 RW-data=20 ZI-data=1340  
FromELF: creating hex file...
".\MISDZIOL.axf" - 0 Errors, 3 Warning(s).
Rebuild target 'Target 1'
assembling Startup.s...
compiling main.c...
main.c(66): warning:  #61-D: integer operation result is out of range
main.c(66): warning:  #68-D: integer conversion resulted in a change of sign
compiling keyboard.c...
compiling led.c...
compiling timer.c...
compiling timer_interrupts.c...
compiling servo.c...
compiling uart.c...
compiling string.c...
compiling command_decoder.c...
linking...
Program Size: Code=3772 RO-data=32 RW-data=20 ZI-data=1340  
FromELF: creating hex file...
".\MISDZIOL.axf" - 0 Errors, 2 Warning(s).
Rebuild target 'Target 1'
assembling Startup.s...
compiling main.c...
main.c(66): warning:  #61-D: integer operation result is out of range
main.c(66): warning:  #68-D: integer conversion resulted in a change of sign
compiling keyboard.c...
compiling led.c...
compiling timer.c...
compiling timer_interrupts.c...
compiling servo.c...
compiling uart.c...
compiling string.c...
compiling command_decoder.c...
linking...
Program Size: Code=3772 RO-data=32 RW-data=20 ZI-data=1340  
FromELF: creating hex file...
".\MISDZIOL.axf" - 0 Errors, 2 Warning(s).
Rebuild target 'Target 1'
assembling Startup.s...
compiling main.c...
main.c(66): warning:  #61-D: integer operation result is out of range
main.c(66): warning:  #68-D: integer conversion resulted in a change of sign
compiling keyboard.c...
compiling led.c...
compiling timer.c...
compiling timer_interrupts.c...
compiling servo.c...
compiling uart.c...
compiling string.c...
compiling command_decoder.c...
linking...
Program Size: Code=3772 RO-data=32 RW-data=20 ZI-data=1340  
FromELF: creating hex file...
".\MISDZIOL.axf" - 0 Errors, 2 Warning(s).
Rebuild target 'Target 1'
assembling Startup.s...
compiling main.c...
compiling keyboard.c...
compiling led.c...
compiling timer.c...
compiling timer_interrupts.c...
compiling servo.c...
compiling uart.c...
compiling string.c...
compiling command_decoder.c...
linking...
Program Size: Code=3732 RO-data=32 RW-data=20 ZI-data=1340  
FromELF: creating hex file...
".\MISDZIOL.axf" - 0 Errors, 0 Warning(s).
Rebuild target 'Target 1'
assembling Startup.s...
compiling main.c...
compiling keyboard.c...
compiling led.c...
compiling timer.c...
compiling timer_interrupts.c...
compiling servo.c...
compiling uart.c...
compiling string.c...
compiling command_decoder.c...
linking...
Program Size: Code=3752 RO-data=32 RW-data=20 ZI-data=1340  
FromELF: creating hex file...
".\MISDZIOL.axf" - 0 Errors, 0 Warning(s).
Rebuild target 'Target 1'
assembling Startup.s...
compiling main.c...
compiling keyboard.c...
compiling led.c...
compiling timer.c...
compiling timer_interrupts.c...
compiling servo.c...
compiling uart.c...
compiling string.c...
compiling command_decoder.c...
linking...
Program Size: Code=3772 RO-data=32 RW-data=20 ZI-data=1340  
FromELF: creating hex file...
".\MISDZIOL.axf" - 0 Errors, 0 Warning(s).
Rebuild target 'Target 1'
assembling Startup.s...
compiling main.c...
compiling keyboard.c...
compiling led.c...
compiling timer.c...
compiling timer_interrupts.c...
compiling servo.c...
compiling uart.c...
compiling string.c...
compiling command_decoder.c...
linking...
Program Size: Code=3780 RO-data=32 RW-data=20 ZI-data=1340  
FromELF: creating hex file...
".\MISDZIOL.axf" - 0 Errors, 0 Warning(s).
Rebuild target 'Target 1'
assembling Startup.s...
compiling main.c...
compiling keyboard.c...
compiling led.c...
compiling timer.c...
compiling timer_interrupts.c...
compiling servo.c...
compiling uart.c...
compiling string.c...
compiling command_decoder.c...
linking...
Program Size: Code=3780 RO-data=32 RW-data=20 ZI-data=1340  
FromELF: creating hex file...
".\MISDZIOL.axf" - 0 Errors, 0 Warning(s).
Rebuild target 'Target 1'
assembling Startup.s...
compiling main.c...
compiling keyboard.c...
compiling led.c...
compiling timer.c...
compiling timer_interrupts.c...
compiling servo.c...
compiling uart.c...
compiling string.c...
compiling command_decoder.c...
linking...
Program Size: Code=3792 RO-data=32 RW-data=20 ZI-data=1340  
FromELF: creating hex file...
".\MISDZIOL.axf" - 0 Errors, 0 Warning(s).
Rebuild target 'Target 1'
assembling Startup.s...
compiling main.c...
compiling keyboard.c...
compiling led.c...
compiling timer.c...
compiling timer_interrupts.c...
compiling servo.c...
compiling uart.c...
compiling string.c...
compiling command_decoder.c...
linking...
Program Size: Code=3816 RO-data=32 RW-data=20 ZI-data=1340  
FromELF: creating hex file...
".\MISDZIOL.axf" - 0 Errors, 0 Warning(s).
Rebuild target 'Target 1'
assembling Startup.s...
compiling main.c...
compiling keyboard.c...
compiling led.c...
compiling timer.c...
compiling timer_interrupts.c...
compiling servo.c...
compiling uart.c...
compiling string.c...
compiling command_decoder.c...
linking...
Program Size: Code=3804 RO-data=32 RW-data=20 ZI-data=1340  
FromELF: creating hex file...
".\MISDZIOL.axf" - 0 Errors, 0 Warning(s).
Rebuild target 'Target 1'
assembling Startup.s...
compiling main.c...
compiling keyboard.c...
compiling led.c...
compiling timer.c...
compiling timer_interrupts.c...
compiling servo.c...
compiling uart.c...
compiling string.c...
compiling command_decoder.c...
linking...
Program Size: Code=3800 RO-data=32 RW-data=20 ZI-data=1340  
FromELF: creating hex file...
".\MISDZIOL.axf" - 0 Errors, 0 Warning(s).
Rebuild target 'Target 1'
assembling Startup.s...
compiling main.c...
compiling keyboard.c...
compiling led.c...
compiling timer.c...
compiling timer_interrupts.c...
compiling servo.c...
compiling uart.c...
compiling string.c...
compiling command_decoder.c...
linking...
Program Size: Code=3804 RO-data=32 RW-data=20 ZI-data=1340  
FromELF: creating hex file...
".\MISDZIOL.axf" - 0 Errors, 0 Warning(s).
Rebuild target 'Target 1'
assembling Startup.s...
compiling main.c...
compiling keyboard.c...
compiling led.c...
compiling timer.c...
compiling timer_interrupts.c...
compiling servo.c...
compiling uart.c...
compiling string.c...
compiling command_decoder.c...
linking...
Program Size: Code=3804 RO-data=32 RW-data=20 ZI-data=1340  
FromELF: creating hex file...
".\MISDZIOL.axf" - 0 Errors, 0 Warning(s).
Rebuild target 'Target 1'
assembling Startup.s...
compiling main.c...
compiling keyboard.c...
compiling led.c...
compiling timer.c...
compiling timer_interrupts.c...
compiling servo.c...
compiling uart.c...
compiling string.c...
compiling command_decoder.c...
linking...
Program Size: Code=3820 RO-data=32 RW-data=20 ZI-data=1340  
FromELF: creating hex file...
".\MISDZIOL.axf" - 0 Errors, 0 Warning(s).
Rebuild target 'Target 1'
assembling Startup.s...
compiling main.c...
compiling keyboard.c...
compiling led.c...
compiling timer.c...
compiling timer_interrupts.c...
compiling servo.c...
compiling uart.c...
compiling string.c...
compiling command_decoder.c...
linking...
Program Size: Code=3956 RO-data=52 RW-data=20 ZI-data=1340  
FromELF: creating hex file...
".\MISDZIOL.axf" - 0 Errors, 0 Warning(s).
Rebuild target 'Target 1'
assembling Startup.s...
compiling main.c...
compiling keyboard.c...
compiling led.c...
compiling timer.c...
compiling timer_interrupts.c...
compiling servo.c...
compiling uart.c...
compiling string.c...
compiling command_decoder.c...
linking...
Program Size: Code=3964 RO-data=52 RW-data=20 ZI-data=1340  
FromELF: creating hex file...
".\MISDZIOL.axf" - 0 Errors, 0 Warning(s).
Rebuild target 'Target 1'
assembling Startup.s...
compiling main.c...
main.c(71): warning:  #61-D: integer operation result is out of range
main.c(71): warning:  #68-D: integer conversion resulted in a change of sign
compiling keyboard.c...
compiling led.c...
compiling timer.c...
compiling timer_interrupts.c...
compiling servo.c...
compiling uart.c...
compiling string.c...
compiling command_decoder.c...
linking...
Program Size: Code=3968 RO-data=52 RW-data=20 ZI-data=1340  
FromELF: creating hex file...
".\MISDZIOL.axf" - 0 Errors, 2 Warning(s).
Rebuild target 'Target 1'
assembling Startup.s...
compiling main.c...
main.c(71): warning:  #61-D: integer operation result is out of range
main.c(71): warning:  #68-D: integer conversion resulted in a change of sign
compiling keyboard.c...
compiling led.c...
compiling timer.c...
compiling timer_interrupts.c...
compiling servo.c...
compiling uart.c...
compiling string.c...
compiling command_decoder.c...
linking...
Program Size: Code=3968 RO-data=52 RW-data=20 ZI-data=1340  
FromELF: creating hex file...
".\MISDZIOL.axf" - 0 Errors, 2 Warning(s).
Rebuild target 'Target 1'
assembling Startup.s...
compiling main.c...
compiling keyboard.c...
compiling led.c...
compiling timer.c...
compiling timer_interrupts.c...
compiling servo.c...
compiling uart.c...
compiling string.c...
compiling command_decoder.c...
linking...
Program Size: Code=3948 RO-data=52 RW-data=20 ZI-data=1340  
FromELF: creating hex file...
".\MISDZIOL.axf" - 0 Errors, 0 Warning(s).
Rebuild target 'Target 1'
assembling Startup.s...
compiling main.c...
compiling keyboard.c...
compiling led.c...
compiling timer.c...
compiling timer_interrupts.c...
compiling servo.c...
compiling uart.c...
compiling string.c...
compiling command_decoder.c...
linking...
Program Size: Code=3948 RO-data=52 RW-data=20 ZI-data=1340  
FromELF: creating hex file...
".\MISDZIOL.axf" - 0 Errors, 0 Warning(s).
Rebuild target 'Target 1'
assembling Startup.s...
compiling main.c...
compiling keyboard.c...
compiling led.c...
compiling timer.c...
compiling timer_interrupts.c...
compiling servo.c...
compiling uart.c...
compiling string.c...
compiling command_decoder.c...
linking...
Program Size: Code=3948 RO-data=52 RW-data=20 ZI-data=1340  
FromELF: creating hex file...
".\MISDZIOL.axf" - 0 Errors, 0 Warning(s).
Rebuild target 'Target 1'
assembling Startup.s...
compiling main.c...
compiling keyboard.c...
compiling led.c...
compiling timer.c...
compiling timer_interrupts.c...
compiling servo.c...
compiling uart.c...
compiling string.c...
compiling command_decoder.c...
linking...
Program Size: Code=3948 RO-data=52 RW-data=20 ZI-data=1340  
FromELF: creating hex file...
".\MISDZIOL.axf" - 0 Errors, 0 Warning(s).
Build target 'Target 1'
compiling main.c...
main.c(55): warning:  #177-D: variable "str" was declared but never referenced
linking...
Program Size: Code=3912 RO-data=52 RW-data=20 ZI-data=1340  
FromELF: creating hex file...
".\MISDZIOL.axf" - 0 Errors, 1 Warning(s).
Rebuild target 'Target 1'
assembling Startup.s...
compiling main.c...
main.c(55): warning:  #177-D: variable "str" was declared but never referenced
compiling keyboard.c...
compiling led.c...
compiling timer.c...
compiling timer_interrupts.c...
compiling servo.c...
compiling uart.c...
compiling string.c...
compiling command_decoder.c...
linking...
Program Size: Code=3912 RO-data=52 RW-data=20 ZI-data=1340  
FromELF: creating hex file...
".\MISDZIOL.axf" - 0 Errors, 1 Warning(s).
Build target 'Target 1'
compiling main.c...
main.c(55): warning:  #177-D: variable "str" was declared but never referenced
linking...
Program Size: Code=3892 RO-data=52 RW-data=20 ZI-data=1340  
FromELF: creating hex file...
".\MISDZIOL.axf" - 0 Errors, 1 Warning(s).
Rebuild target 'Target 1'
assembling Startup.s...
compiling main.c...
main.c(55): warning:  #177-D: variable "str" was declared but never referenced
compiling keyboard.c...
compiling led.c...
compiling timer.c...
compiling timer_interrupts.c...
compiling servo.c...
compiling uart.c...
compiling string.c...
compiling command_decoder.c...
linking...
Program Size: Code=3892 RO-data=52 RW-data=20 ZI-data=1340  
FromELF: creating hex file...
".\MISDZIOL.axf" - 0 Errors, 1 Warning(s).
Rebuild target 'Target 1'
assembling Startup.s...
compiling main.c...
main.c(55): warning:  #177-D: variable "str" was declared but never referenced
compiling keyboard.c...
compiling led.c...
compiling timer.c...
compiling timer_interrupts.c...
compiling servo.c...
compiling uart.c...
compiling string.c...
compiling command_decoder.c...
linking...
Program Size: Code=3892 RO-data=52 RW-data=20 ZI-data=1340  
FromELF: creating hex file...
".\MISDZIOL.axf" - 0 Errors, 1 Warning(s).
Rebuild target 'Target 1'
assembling Startup.s...
compiling main.c...
main.c(55): warning:  #177-D: variable "str" was declared but never referenced
compiling keyboard.c...
compiling led.c...
compiling timer.c...
compiling timer_interrupts.c...
compiling servo.c...
compiling uart.c...
compiling string.c...
compiling command_decoder.c...
linking...
Program Size: Code=3908 RO-data=52 RW-data=20 ZI-data=1340  
FromELF: creating hex file...
".\MISDZIOL.axf" - 0 Errors, 1 Warning(s).
Rebuild target 'Target 1'
assembling Startup.s...
compiling main.c...
main.c(55): warning:  #177-D: variable "str" was declared but never referenced
compiling keyboard.c...
compiling led.c...
compiling timer.c...
compiling timer_interrupts.c...
compiling servo.c...
compiling uart.c...
compiling string.c...
compiling command_decoder.c...
linking...
Program Size: Code=3912 RO-data=52 RW-data=20 ZI-data=1340  
FromELF: creating hex file...
".\MISDZIOL.axf" - 0 Errors, 1 Warning(s).
Rebuild target 'Target 1'
assembling Startup.s...
compiling main.c...
main.c(55): warning:  #177-D: variable "str" was declared but never referenced
compiling keyboard.c...
compiling led.c...
compiling timer.c...
compiling timer_interrupts.c...
compiling servo.c...
compiling uart.c...
compiling string.c...
compiling command_decoder.c...
linking...
Program Size: Code=3908 RO-data=52 RW-data=20 ZI-data=1340  
FromELF: creating hex file...
".\MISDZIOL.axf" - 0 Errors, 1 Warning(s).
Rebuild target 'Target 1'
assembling Startup.s...
compiling main.c...
main.c(55): warning:  #177-D: variable "str" was declared but never referenced
compiling keyboard.c...
compiling led.c...
compiling timer.c...
compiling timer_interrupts.c...
compiling servo.c...
compiling uart.c...
compiling string.c...
compiling command_decoder.c...
linking...
Program Size: Code=3912 RO-data=52 RW-data=20 ZI-data=1340  
FromELF: creating hex file...
".\MISDZIOL.axf" - 0 Errors, 1 Warning(s).
Rebuild target 'Target 1'
assembling Startup.s...
compiling main.c...
main.c(55): warning:  #177-D: variable "str" was declared but never referenced
compiling keyboard.c...
compiling led.c...
compiling timer.c...
compiling timer_interrupts.c...
compiling servo.c...
compiling uart.c...
compiling string.c...
compiling command_decoder.c...
linking...
Program Size: Code=3912 RO-data=52 RW-data=20 ZI-data=1340  
FromELF: creating hex file...
".\MISDZIOL.axf" - 0 Errors, 1 Warning(s).
Rebuild target 'Target 1'
assembling Startup.s...
compiling main.c...
main.c(55): warning:  #177-D: variable "str" was declared but never referenced
compiling keyboard.c...
compiling led.c...
compiling timer.c...
compiling timer_interrupts.c...
compiling servo.c...
compiling uart.c...
compiling string.c...
compiling command_decoder.c...
linking...
Program Size: Code=3888 RO-data=52 RW-data=20 ZI-data=1340  
FromELF: creating hex file...
".\MISDZIOL.axf" - 0 Errors, 1 Warning(s).
Rebuild target 'Target 1'
assembling Startup.s...
compiling main.c...
main.c(55): warning:  #177-D: variable "str" was declared but never referenced
compiling keyboard.c...
compiling led.c...
compiling timer.c...
compiling timer_interrupts.c...
compiling servo.c...
compiling uart.c...
compiling string.c...
compiling command_decoder.c...
linking...
Program Size: Code=3908 RO-data=52 RW-data=20 ZI-data=1340  
FromELF: creating hex file...
".\MISDZIOL.axf" - 0 Errors, 1 Warning(s).
Rebuild target 'Target 1'
assembling Startup.s...
compiling main.c...
main.c(55): warning:  #177-D: variable "str" was declared but never referenced
compiling keyboard.c...
compiling led.c...
compiling timer.c...
compiling timer_interrupts.c...
compiling servo.c...
compiling uart.c...
compiling string.c...
compiling command_decoder.c...
linking...
Program Size: Code=3908 RO-data=52 RW-data=20 ZI-data=1340  
FromELF: creating hex file...
".\MISDZIOL.axf" - 0 Errors, 1 Warning(s).
Rebuild target 'Target 1'
assembling Startup.s...
compiling main.c...
main.c(55): warning:  #177-D: variable "str" was declared but never referenced
compiling keyboard.c...
compiling led.c...
compiling timer.c...
compiling timer_interrupts.c...
compiling servo.c...
compiling uart.c...
compiling string.c...
compiling command_decoder.c...
linking...
Program Size: Code=3904 RO-data=52 RW-data=20 ZI-data=1340  
FromELF: creating hex file...
".\MISDZIOL.axf" - 0 Errors, 1 Warning(s).
Rebuild target 'Target 1'
assembling Startup.s...
compiling main.c...
main.c(55): warning:  #177-D: variable "str" was declared but never referenced
compiling keyboard.c...
compiling led.c...
compiling timer.c...
compiling timer_interrupts.c...
compiling servo.c...
compiling uart.c...
compiling string.c...
compiling command_decoder.c...
linking...
Program Size: Code=3904 RO-data=52 RW-data=20 ZI-data=1340  
FromELF: creating hex file...
".\MISDZIOL.axf" - 0 Errors, 1 Warning(s).
Rebuild target 'Target 1'
assembling Startup.s...
compiling main.c...
main.c(55): warning:  #177-D: variable "str" was declared but never referenced
compiling keyboard.c...
compiling led.c...
compiling timer.c...
compiling timer_interrupts.c...
compiling servo.c...
compiling uart.c...
compiling string.c...
compiling command_decoder.c...
linking...
Program Size: Code=3892 RO-data=52 RW-data=20 ZI-data=1340  
FromELF: creating hex file...
".\MISDZIOL.axf" - 0 Errors, 1 Warning(s).
Rebuild target 'Target 1'
assembling Startup.s...
compiling main.c...
main.c(55): warning:  #177-D: variable "str" was declared but never referenced
compiling keyboard.c...
compiling led.c...
compiling timer.c...
compiling timer_interrupts.c...
compiling servo.c...
compiling uart.c...
compiling string.c...
compiling command_decoder.c...
linking...
Program Size: Code=3908 RO-data=52 RW-data=20 ZI-data=1340  
FromELF: creating hex file...
".\MISDZIOL.axf" - 0 Errors, 1 Warning(s).
Rebuild target 'Target 1'
assembling Startup.s...
compiling main.c...
main.c(55): warning:  #177-D: variable "str" was declared but never referenced
compiling keyboard.c...
compiling led.c...
compiling timer.c...
compiling timer_interrupts.c...
compiling servo.c...
compiling uart.c...
compiling string.c...
compiling command_decoder.c...
linking...
Program Size: Code=3908 RO-data=52 RW-data=20 ZI-data=1340  
FromELF: creating hex file...
".\MISDZIOL.axf" - 0 Errors, 1 Warning(s).
Rebuild target 'Target 1'
assembling Startup.s...
compiling main.c...
main.c(55): warning:  #177-D: variable "str" was declared but never referenced
compiling keyboard.c...
compiling led.c...
compiling timer.c...
compiling timer_interrupts.c...
compiling servo.c...
compiling uart.c...
compiling string.c...
compiling command_decoder.c...
linking...
Program Size: Code=3908 RO-data=52 RW-data=20 ZI-data=1340  
FromELF: creating hex file...
".\MISDZIOL.axf" - 0 Errors, 1 Warning(s).
Rebuild target 'Target 1'
assembling Startup.s...
compiling main.c...
main.c(55): warning:  #177-D: variable "str" was declared but never referenced
compiling keyboard.c...
compiling led.c...
compiling timer.c...
compiling timer_interrupts.c...
compiling servo.c...
compiling uart.c...
compiling string.c...
compiling command_decoder.c...
linking...
Program Size: Code=3908 RO-data=52 RW-data=20 ZI-data=1340  
FromELF: creating hex file...
".\MISDZIOL.axf" - 0 Errors, 1 Warning(s).
Rebuild target 'Target 1'
assembling Startup.s...
compiling main.c...
main.c(55): warning:  #177-D: variable "str" was declared but never referenced
compiling keyboard.c...
compiling led.c...
compiling timer.c...
compiling timer_interrupts.c...
compiling servo.c...
compiling uart.c...
compiling string.c...
compiling command_decoder.c...
linking...
Program Size: Code=3908 RO-data=52 RW-data=20 ZI-data=1340  
FromELF: creating hex file...
".\MISDZIOL.axf" - 0 Errors, 1 Warning(s).
Rebuild target 'Target 1'
assembling Startup.s...
compiling main.c...
main.c(55): warning:  #177-D: variable "str" was declared but never referenced
compiling keyboard.c...
compiling led.c...
compiling timer.c...
compiling timer_interrupts.c...
compiling servo.c...
compiling uart.c...
compiling string.c...
compiling command_decoder.c...
linking...
Program Size: Code=3908 RO-data=52 RW-data=20 ZI-data=1340  
FromELF: creating hex file...
".\MISDZIOL.axf" - 0 Errors, 1 Warning(s).
Rebuild target 'Target 1'
assembling Startup.s...
compiling main.c...
main.c(55): warning:  #177-D: variable "str" was declared but never referenced
compiling keyboard.c...
compiling led.c...
compiling timer.c...
compiling timer_interrupts.c...
compiling servo.c...
compiling uart.c...
compiling string.c...
compiling command_decoder.c...
linking...
Program Size: Code=3908 RO-data=52 RW-data=20 ZI-data=1340  
FromELF: creating hex file...
".\MISDZIOL.axf" - 0 Errors, 1 Warning(s).
Rebuild target 'Target 1'
assembling Startup.s...
compiling main.c...
main.c(55): warning:  #177-D: variable "str" was declared but never referenced
compiling keyboard.c...
compiling led.c...
compiling timer.c...
compiling timer_interrupts.c...
compiling servo.c...
compiling uart.c...
compiling string.c...
compiling command_decoder.c...
linking...
Program Size: Code=3908 RO-data=52 RW-data=20 ZI-data=1340  
FromELF: creating hex file...
".\MISDZIOL.axf" - 0 Errors, 1 Warning(s).
Rebuild target 'Target 1'
assembling Startup.s...
compiling main.c...
main.c(55): warning:  #177-D: variable "str" was declared but never referenced
compiling keyboard.c...
compiling led.c...
compiling timer.c...
compiling timer_interrupts.c...
compiling servo.c...
compiling uart.c...
compiling string.c...
compiling command_decoder.c...
linking...
Program Size: Code=3908 RO-data=52 RW-data=20 ZI-data=1340  
FromELF: creating hex file...
".\MISDZIOL.axf" - 0 Errors, 1 Warning(s).
Rebuild target 'Target 1'
assembling Startup.s...
compiling main.c...
main.c(55): warning:  #177-D: variable "str" was declared but never referenced
compiling keyboard.c...
compiling led.c...
compiling timer.c...
compiling timer_interrupts.c...
compiling servo.c...
compiling uart.c...
compiling string.c...
compiling command_decoder.c...
linking...
Program Size: Code=3908 RO-data=52 RW-data=20 ZI-data=1340  
FromELF: creating hex file...
".\MISDZIOL.axf" - 0 Errors, 1 Warning(s).
Rebuild target 'Target 1'
assembling Startup.s...
compiling main.c...
main.c(55): warning:  #177-D: variable "str" was declared but never referenced
compiling keyboard.c...
compiling led.c...
compiling timer.c...
compiling timer_interrupts.c...
compiling servo.c...
compiling uart.c...
compiling string.c...
compiling command_decoder.c...
linking...
Program Size: Code=3908 RO-data=52 RW-data=20 ZI-data=1340  
FromELF: creating hex file...
".\MISDZIOL.axf" - 0 Errors, 1 Warning(s).
Rebuild target 'Target 1'
assembling Startup.s...
compiling main.c...
main.c(55): warning:  #177-D: variable "str" was declared but never referenced
compiling keyboard.c...
compiling led.c...
compiling timer.c...
compiling timer_interrupts.c...
compiling servo.c...
compiling uart.c...
compiling string.c...
compiling command_decoder.c...
linking...
Program Size: Code=3908 RO-data=52 RW-data=20 ZI-data=1340  
FromELF: creating hex file...
".\MISDZIOL.axf" - 0 Errors, 1 Warning(s).
Rebuild target 'Target 1'
assembling Startup.s...
compiling main.c...
main.c(72): warning:  #61-D: integer operation result is out of range
main.c(72): warning:  #68-D: integer conversion resulted in a change of sign
compiling keyboard.c...
compiling led.c...
compiling timer.c...
compiling timer_interrupts.c...
compiling servo.c...
compiling uart.c...
compiling string.c...
compiling command_decoder.c...
linking...
Program Size: Code=3804 RO-data=32 RW-data=20 ZI-data=1340  
FromELF: creating hex file...
".\MISDZIOL.axf" - 0 Errors, 2 Warning(s).
Rebuild target 'Target 1'
assembling Startup.s...
compiling main.c...
main.c(72): warning:  #61-D: integer operation result is out of range
main.c(72): warning:  #68-D: integer conversion resulted in a change of sign
main.c(72): warning:  #61-D: integer operation result is out of range
main.c(72): warning:  #68-D: integer conversion resulted in a change of sign
compiling keyboard.c...
compiling led.c...
compiling timer.c...
compiling timer_interrupts.c...
compiling servo.c...
compiling uart.c...
compiling string.c...
compiling command_decoder.c...
linking...
Program Size: Code=3804 RO-data=32 RW-data=20 ZI-data=1340  
FromELF: creating hex file...
".\MISDZIOL.axf" - 0 Errors, 4 Warning(s).
Rebuild target 'Target 1'
assembling Startup.s...
compiling main.c...
main.c(72): warning:  #61-D: integer operation result is out of range
main.c(72): warning:  #68-D: integer conversion resulted in a change of sign
main.c(72): warning:  #61-D: integer operation result is out of range
main.c(72): warning:  #68-D: integer conversion resulted in a change of sign
compiling keyboard.c...
compiling led.c...
compiling timer.c...
compiling timer_interrupts.c...
compiling servo.c...
compiling uart.c...
compiling string.c...
compiling command_decoder.c...
linking...
Program Size: Code=3804 RO-data=32 RW-data=20 ZI-data=1340  
FromELF: creating hex file...
".\MISDZIOL.axf" - 0 Errors, 4 Warning(s).
Rebuild target 'Target 1'
assembling Startup.s...
compiling main.c...
main.c(72): warning:  #61-D: integer operation result is out of range
main.c(72): warning:  #68-D: integer conversion resulted in a change of sign
main.c(72): warning:  #61-D: integer operation result is out of range
main.c(72): warning:  #68-D: integer conversion resulted in a change of sign
compiling keyboard.c...
compiling led.c...
compiling timer.c...
compiling timer_interrupts.c...
compiling servo.c...
compiling uart.c...
compiling string.c...
compiling command_decoder.c...
linking...
Program Size: Code=3804 RO-data=32 RW-data=20 ZI-data=1340  
FromELF: creating hex file...
".\MISDZIOL.axf" - 0 Errors, 4 Warning(s).
Rebuild target 'Target 1'
assembling Startup.s...
compiling main.c...
main.c(71): warning:  #61-D: integer operation result is out of range
main.c(71): warning:  #68-D: integer conversion resulted in a change of sign
main.c(71): warning:  #61-D: integer operation result is out of range
main.c(71): warning:  #68-D: integer conversion resulted in a change of sign
compiling keyboard.c...
compiling led.c...
compiling timer.c...
compiling timer_interrupts.c...
compiling servo.c...
compiling uart.c...
compiling string.c...
compiling command_decoder.c...
linking...
Program Size: Code=3804 RO-data=32 RW-data=20 ZI-data=1340  
FromELF: creating hex file...
".\MISDZIOL.axf" - 0 Errors, 4 Warning(s).
Rebuild target 'Target 1'
assembling Startup.s...
compiling main.c...
main.c(71): warning:  #61-D: integer operation result is out of range
main.c(71): warning:  #68-D: integer conversion resulted in a change of sign
main.c(71): warning:  #61-D: integer operation result is out of range
main.c(71): warning:  #68-D: integer conversion resulted in a change of sign
compiling keyboard.c...
compiling led.c...
compiling timer.c...
compiling timer_interrupts.c...
compiling servo.c...
compiling uart.c...
compiling string.c...
compiling command_decoder.c...
linking...
Program Size: Code=3804 RO-data=32 RW-data=20 ZI-data=1340  
FromELF: creating hex file...
".\MISDZIOL.axf" - 0 Errors, 4 Warning(s).
Rebuild target 'Target 1'
assembling Startup.s...
compiling main.c...
main.c(71): warning:  #61-D: integer operation result is out of range
main.c(71): warning:  #68-D: integer conversion resulted in a change of sign
main.c(71): warning:  #61-D: integer operation result is out of range
main.c(71): warning:  #68-D: integer conversion resulted in a change of sign
compiling keyboard.c...
compiling led.c...
compiling timer.c...
compiling timer_interrupts.c...
compiling servo.c...
compiling uart.c...
compiling string.c...
compiling command_decoder.c...
linking...
Program Size: Code=3804 RO-data=32 RW-data=20 ZI-data=1340  
FromELF: creating hex file...
".\MISDZIOL.axf" - 0 Errors, 4 Warning(s).
Rebuild target 'Target 1'
assembling Startup.s...
compiling main.c...
main.c(71): warning:  #61-D: integer operation result is out of range
main.c(71): warning:  #68-D: integer conversion resulted in a change of sign
main.c(71): warning:  #61-D: integer operation result is out of range
main.c(71): warning:  #68-D: integer conversion resulted in a change of sign
compiling keyboard.c...
compiling led.c...
compiling timer.c...
compiling timer_interrupts.c...
compiling servo.c...
compiling uart.c...
compiling string.c...
compiling command_decoder.c...
linking...
Program Size: Code=3804 RO-data=32 RW-data=20 ZI-data=1340  
FromELF: creating hex file...
".\MISDZIOL.axf" - 0 Errors, 4 Warning(s).
Rebuild target 'Target 1'
assembling Startup.s...
compiling main.c...
main.c(75): warning:  #61-D: integer operation result is out of range
main.c(75): warning:  #68-D: integer conversion resulted in a change of sign
main.c(75): warning:  #61-D: integer operation result is out of range
main.c(75): warning:  #68-D: integer conversion resulted in a change of sign
compiling keyboard.c...
compiling led.c...
compiling timer.c...
compiling timer_interrupts.c...
compiling servo.c...
compiling uart.c...
compiling string.c...
compiling command_decoder.c...
linking...
Program Size: Code=3840 RO-data=32 RW-data=20 ZI-data=1340  
FromELF: creating hex file...
".\MISDZIOL.axf" - 0 Errors, 4 Warning(s).
Rebuild target 'Target 1'
assembling Startup.s...
compiling main.c...
main.c(70): warning:  #61-D: integer operation result is out of range
main.c(70): warning:  #68-D: integer conversion resulted in a change of sign
main.c(70): warning:  #61-D: integer operation result is out of range
main.c(70): warning:  #68-D: integer conversion resulted in a change of sign
compiling keyboard.c...
compiling led.c...
compiling timer.c...
compiling timer_interrupts.c...
compiling servo.c...
compiling uart.c...
compiling string.c...
compiling command_decoder.c...
linking...
Program Size: Code=3820 RO-data=32 RW-data=20 ZI-data=1340  
FromELF: creating hex file...
".\MISDZIOL.axf" - 0 Errors, 4 Warning(s).
Rebuild target 'Target 1'
assembling Startup.s...
compiling main.c...
main.c(72): warning:  #61-D: integer operation result is out of range
main.c(72): warning:  #68-D: integer conversion resulted in a change of sign
main.c(72): warning:  #61-D: integer operation result is out of range
main.c(72): warning:  #68-D: integer conversion resulted in a change of sign
compiling keyboard.c...
compiling led.c...
compiling timer.c...
compiling timer_interrupts.c...
compiling servo.c...
compiling uart.c...
compiling string.c...
compiling command_decoder.c...
linking...
Program Size: Code=3820 RO-data=32 RW-data=20 ZI-data=1340  
FromELF: creating hex file...
".\MISDZIOL.axf" - 0 Errors, 4 Warning(s).
Rebuild target 'Target 1'
assembling Startup.s...
compiling main.c...
main.c(74): warning:  #61-D: integer operation result is out of range
main.c(74): warning:  #68-D: integer conversion resulted in a change of sign
main.c(74): warning:  #61-D: integer operation result is out of range
main.c(74): warning:  #68-D: integer conversion resulted in a change of sign
main.c(77): error:  #20: identifier "uiADConverterData" is undefined
compiling keyboard.c...
compiling led.c...
compiling timer.c...
compiling timer_interrupts.c...
compiling servo.c...
compiling uart.c...
compiling string.c...
compiling command_decoder.c...
".\MISDZIOL.axf" - 1 Errors, 4 Warning(s).
Target not created
Rebuild target 'Target 1'
assembling Startup.s...
compiling main.c...
main.c(74): warning:  #61-D: integer operation result is out of range
main.c(74): warning:  #68-D: integer conversion resulted in a change of sign
main.c(74): warning:  #61-D: integer operation result is out of range
main.c(74): warning:  #68-D: integer conversion resulted in a change of sign
compiling keyboard.c...
compiling led.c...
compiling timer.c...
compiling timer_interrupts.c...
compiling servo.c...
compiling uart.c...
compiling string.c...
compiling command_decoder.c...
linking...
Program Size: Code=3840 RO-data=32 RW-data=20 ZI-data=1340  
FromELF: creating hex file...
".\MISDZIOL.axf" - 0 Errors, 4 Warning(s).
Rebuild target 'Target 1'
assembling Startup.s...
compiling main.c...
main.c(76): warning:  #61-D: integer operation result is out of range
main.c(76): warning:  #68-D: integer conversion resulted in a change of sign
main.c(76): warning:  #61-D: integer operation result is out of range
main.c(76): warning:  #68-D: integer conversion resulted in a change of sign
compiling keyboard.c...
compiling led.c...
compiling timer.c...
compiling timer_interrupts.c...
compiling servo.c...
compiling uart.c...
compiling string.c...
compiling command_decoder.c...
linking...
Program Size: Code=4912 RO-data=32 RW-data=80 ZI-data=1352  
FromELF: creating hex file...
".\MISDZIOL.axf" - 0 Errors, 4 Warning(s).
Rebuild target 'Target 1'
assembling Startup.s...
compiling main.c...
main.c(76): warning:  #61-D: integer operation result is out of range
main.c(76): warning:  #68-D: integer conversion resulted in a change of sign
main.c(76): warning:  #61-D: integer operation result is out of range
main.c(76): warning:  #68-D: integer conversion resulted in a change of sign
compiling keyboard.c...
compiling led.c...
compiling timer.c...
compiling timer_interrupts.c...
compiling servo.c...
compiling uart.c...
compiling string.c...
compiling command_decoder.c...
linking...
Program Size: Code=4912 RO-data=32 RW-data=80 ZI-data=1352  
FromELF: creating hex file...
".\MISDZIOL.axf" - 0 Errors, 4 Warning(s).
Rebuild target 'Target 1'
assembling Startup.s...
compiling main.c...
command_decoder.h(9): error:  #101: "CALLIB" has already been declared in the current scope
main.c(76): warning:  #223-D: function "eReadDetector" declared implicitly
main.c(78): warning:  #61-D: integer operation result is out of range
main.c(78): warning:  #68-D: integer conversion resulted in a change of sign
main.c(78): warning:  #61-D: integer operation result is out of range
main.c(78): warning:  #68-D: integer conversion resulted in a change of sign
compiling keyboard.c...
compiling led.c...
compiling timer.c...
compiling timer_interrupts.c...
compiling servo.c...
compiling uart.c...
compiling string.c...
compiling command_decoder.c...
".\MISDZIOL.axf" - 1 Errors, 5 Warning(s).
Target not created
Rebuild target 'Target 1'
assembling Startup.s...
compiling main.c...
main.c(76): warning:  #223-D: function "eReadDetector" declared implicitly
main.c(78): warning:  #61-D: integer operation result is out of range
main.c(78): warning:  #68-D: integer conversion resulted in a change of sign
main.c(78): warning:  #61-D: integer operation result is out of range
main.c(78): warning:  #68-D: integer conversion resulted in a change of sign
compiling keyboard.c...
compiling led.c...
compiling timer.c...
compiling timer_interrupts.c...
compiling servo.c...
compiling uart.c...
compiling string.c...
compiling command_decoder.c...
linking...
Program Size: Code=4924 RO-data=32 RW-data=80 ZI-data=1352  
FromELF: creating hex file...
".\MISDZIOL.axf" - 0 Errors, 5 Warning(s).
Rebuild target 'Target 1'
assembling Startup.s...
compiling main.c...
main.c(78): warning:  #61-D: integer operation result is out of range
main.c(78): warning:  #68-D: integer conversion resulted in a change of sign
main.c(78): warning:  #61-D: integer operation result is out of range
main.c(78): warning:  #68-D: integer conversion resulted in a change of sign
compiling keyboard.c...
compiling led.c...
compiling timer.c...
compiling timer_interrupts.c...
compiling servo.c...
compiling uart.c...
compiling string.c...
compiling command_decoder.c...
linking...
Program Size: Code=4924 RO-data=32 RW-data=80 ZI-data=1352  
FromELF: creating hex file...
".\MISDZIOL.axf" - 0 Errors, 4 Warning(s).
Rebuild target 'Target 1'
assembling Startup.s...
compiling main.c...
main.c(78): warning:  #61-D: integer operation result is out of range
main.c(78): warning:  #68-D: integer conversion resulted in a change of sign
main.c(78): warning:  #61-D: integer operation result is out of range
main.c(78): warning:  #68-D: integer conversion resulted in a change of sign
compiling keyboard.c...
compiling led.c...
compiling timer.c...
compiling timer_interrupts.c...
compiling servo.c...
compiling uart.c...
compiling string.c...
compiling command_decoder.c...
linking...
Program Size: Code=4924 RO-data=32 RW-data=80 ZI-data=1352  
FromELF: creating hex file...
".\MISDZIOL.axf" - 0 Errors, 4 Warning(s).
Rebuild target 'Target 1'
assembling Startup.s...
compiling main.c...
main.c(78): warning:  #61-D: integer operation result is out of range
main.c(78): warning:  #68-D: integer conversion resulted in a change of sign
main.c(78): warning:  #61-D: integer operation result is out of range
main.c(78): warning:  #68-D: integer conversion resulted in a change of sign
compiling keyboard.c...
compiling led.c...
compiling timer.c...
compiling timer_interrupts.c...
compiling servo.c...
compiling uart.c...
compiling string.c...
compiling command_decoder.c...
linking...
Program Size: Code=4924 RO-data=32 RW-data=80 ZI-data=1352  
FromELF: creating hex file...
".\MISDZIOL.axf" - 0 Errors, 4 Warning(s).
Rebuild target 'Target 1'
assembling Startup.s...
compiling main.c...
main.c(78): warning:  #61-D: integer operation result is out of range
main.c(78): warning:  #68-D: integer conversion resulted in a change of sign
main.c(78): warning:  #61-D: integer operation result is out of range
main.c(78): warning:  #68-D: integer conversion resulted in a change of sign
compiling keyboard.c...
compiling led.c...
compiling timer.c...
compiling timer_interrupts.c...
compiling servo.c...
compiling uart.c...
compiling string.c...
compiling command_decoder.c...
linking...
Program Size: Code=4924 RO-data=32 RW-data=80 ZI-data=1352  
FromELF: creating hex file...
".\MISDZIOL.axf" - 0 Errors, 4 Warning(s).
Rebuild target 'Target 1'
assembling Startup.s...
compiling main.c...
main.c(76): warning:  #61-D: integer operation result is out of range
main.c(76): warning:  #68-D: integer conversion resulted in a change of sign
main.c(76): warning:  #61-D: integer operation result is out of range
main.c(76): warning:  #68-D: integer conversion resulted in a change of sign
compiling keyboard.c...
compiling led.c...
compiling timer.c...
compiling timer_interrupts.c...
compiling servo.c...
compiling uart.c...
compiling string.c...
compiling command_decoder.c...
linking...
Program Size: Code=4912 RO-data=32 RW-data=80 ZI-data=1352  
FromELF: creating hex file...
".\MISDZIOL.axf" - 0 Errors, 4 Warning(s).
Rebuild target 'Target 1'
assembling Startup.s...
compiling main.c...
main.c(76): warning:  #61-D: integer operation result is out of range
main.c(76): warning:  #68-D: integer conversion resulted in a change of sign
main.c(76): warning:  #61-D: integer operation result is out of range
main.c(76): warning:  #68-D: integer conversion resulted in a change of sign
compiling keyboard.c...
compiling led.c...
compiling timer.c...
compiling timer_interrupts.c...
compiling servo.c...
compiling uart.c...
compiling string.c...
compiling command_decoder.c...
linking...
Program Size: Code=4924 RO-data=32 RW-data=80 ZI-data=1352  
FromELF: creating hex file...
".\MISDZIOL.axf" - 0 Errors, 4 Warning(s).
Rebuild target 'Target 1'
assembling Startup.s...
compiling main.c...
main.c(76): warning:  #61-D: integer operation result is out of range
main.c(76): warning:  #68-D: integer conversion resulted in a change of sign
main.c(76): warning:  #61-D: integer operation result is out of range
main.c(76): warning:  #68-D: integer conversion resulted in a change of sign
compiling keyboard.c...
compiling led.c...
compiling timer.c...
compiling timer_interrupts.c...
compiling servo.c...
compiling uart.c...
compiling string.c...
compiling command_decoder.c...
linking...
Program Size: Code=4936 RO-data=32 RW-data=80 ZI-data=1352  
FromELF: creating hex file...
".\MISDZIOL.axf" - 0 Errors, 4 Warning(s).
Rebuild target 'Target 1'
assembling Startup.s...
compiling main.c...
main.c(76): warning:  #61-D: integer operation result is out of range
main.c(76): warning:  #68-D: integer conversion resulted in a change of sign
main.c(76): warning:  #61-D: integer operation result is out of range
main.c(76): warning:  #68-D: integer conversion resulted in a change of sign
compiling keyboard.c...
compiling led.c...
compiling timer.c...
compiling timer_interrupts.c...
compiling servo.c...
compiling uart.c...
compiling string.c...
compiling command_decoder.c...
linking...
Program Size: Code=4936 RO-data=32 RW-data=80 ZI-data=1352  
FromELF: creating hex file...
".\MISDZIOL.axf" - 0 Errors, 4 Warning(s).
Rebuild target 'Target 1'
assembling Startup.s...
compiling main.c...
main.c(107): warning:  #61-D: integer operation result is out of range
main.c(107): warning:  #68-D: integer conversion resulted in a change of sign
main.c(107): warning:  #61-D: integer operation result is out of range
main.c(107): warning:  #68-D: integer conversion resulted in a change of sign
compiling keyboard.c...
compiling led.c...
compiling timer.c...
compiling timer_interrupts.c...
compiling servo.c...
compiling uart.c...
compiling string.c...
compiling command_decoder.c...
linking...
Program Size: Code=4940 RO-data=32 RW-data=80 ZI-data=1352  
FromELF: creating hex file...
".\MISDZIOL.axf" - 0 Errors, 4 Warning(s).
Rebuild target 'Target 1'
assembling Startup.s...
compiling main.c...
main.c(107): warning:  #61-D: integer operation result is out of range
main.c(107): warning:  #68-D: integer conversion resulted in a change of sign
main.c(107): warning:  #61-D: integer operation result is out of range
main.c(107): warning:  #68-D: integer conversion resulted in a change of sign
compiling keyboard.c...
compiling led.c...
compiling timer.c...
compiling timer_interrupts.c...
compiling servo.c...
compiling uart.c...
compiling string.c...
compiling command_decoder.c...
linking...
Program Size: Code=4940 RO-data=32 RW-data=80 ZI-data=1352  
FromELF: creating hex file...
".\MISDZIOL.axf" - 0 Errors, 4 Warning(s).
