<html>
<body>
<pre>
<h1>µVision Build Log</h1>
<h2>Project:</h2>
C:\Users\student\Desktop\mateusz_misdziol\ppsw_lab\laboratoria\UART_1\MISDZIOL.uvproj
Project File Date:  05/16/2019

<h2>Output:</h2>
Rebuild target 'Target 1'
assembling Startup.s...
compiling main.c...
compiling keyboard.c...
compiling led.c...
compiling timer.c...
compiling timer_interrupts.c...
compiling servo.c...
compiling uart.c...
linking...
Program Size: Code=2732 RO-data=32 RW-data=16 ZI-data=1272  
FromELF: creating hex file...
".\MISDZIOL.axf" - 0 Errors, 0 Warning(s).
Rebuild target 'Target 1'
assembling Startup.s...
compiling main.c...
main.c(20): warning:  #223-D: function "LedOn" declared implicitly
compiling keyboard.c...
compiling led.c...
compiling timer.c...
compiling timer_interrupts.c...
compiling servo.c...
compiling uart.c...
linking...
Program Size: Code=2804 RO-data=32 RW-data=16 ZI-data=1272  
FromELF: creating hex file...
".\MISDZIOL.axf" - 0 Errors, 1 Warning(s).
Rebuild target 'Target 1'
assembling Startup.s...
compiling main.c...
main.c(20): warning:  #223-D: function "LedOn" declared implicitly
compiling keyboard.c...
compiling led.c...
compiling timer.c...
compiling timer_interrupts.c...
compiling servo.c...
compiling uart.c...
linking...
Program Size: Code=2804 RO-data=32 RW-data=16 ZI-data=1272  
FromELF: creating hex file...
".\MISDZIOL.axf" - 0 Errors, 1 Warning(s).
Rebuild target 'Target 1'
assembling Startup.s...
compiling main.c...
compiling keyboard.c...
compiling led.c...
compiling timer.c...
compiling timer_interrupts.c...
compiling servo.c...
compiling uart.c...
linking...
Program Size: Code=2756 RO-data=32 RW-data=16 ZI-data=1272  
FromELF: creating hex file...
".\MISDZIOL.axf" - 0 Errors, 0 Warning(s).
Rebuild target 'Target 1'
assembling Startup.s...
compiling main.c...
compiling keyboard.c...
compiling led.c...
compiling timer.c...
compiling timer_interrupts.c...
compiling servo.c...
compiling uart.c...
linking...
Program Size: Code=2756 RO-data=32 RW-data=16 ZI-data=1272  
FromELF: creating hex file...
".\MISDZIOL.axf" - 0 Errors, 0 Warning(s).
Rebuild target 'Target 1'
assembling Startup.s...
compiling main.c...
compiling keyboard.c...
compiling led.c...
compiling timer.c...
compiling timer_interrupts.c...
compiling servo.c...
compiling uart.c...
linking...
Program Size: Code=2756 RO-data=32 RW-data=16 ZI-data=1272  
FromELF: creating hex file...
".\MISDZIOL.axf" - 0 Errors, 0 Warning(s).
Rebuild target 'Target 1'
assembling Startup.s...
compiling main.c...
compiling keyboard.c...
compiling led.c...
compiling timer.c...
compiling timer_interrupts.c...
compiling servo.c...
compiling uart.c...
linking...
Program Size: Code=2756 RO-data=32 RW-data=16 ZI-data=1272  
FromELF: creating hex file...
".\MISDZIOL.axf" - 0 Errors, 0 Warning(s).
Rebuild target 'Target 1'
assembling Startup.s...
compiling main.c...
compiling keyboard.c...
compiling led.c...
compiling timer.c...
compiling timer_interrupts.c...
compiling servo.c...
compiling uart.c...
linking...
Program Size: Code=2732 RO-data=32 RW-data=16 ZI-data=1272  
FromELF: creating hex file...
".\MISDZIOL.axf" - 0 Errors, 0 Warning(s).
Rebuild target 'Target 1'
assembling Startup.s...
compiling main.c...
compiling keyboard.c...
compiling led.c...
compiling timer.c...
compiling timer_interrupts.c...
compiling servo.c...
compiling uart.c...
linking...
Program Size: Code=2732 RO-data=32 RW-data=16 ZI-data=1272  
FromELF: creating hex file...
".\MISDZIOL.axf" - 0 Errors, 0 Warning(s).
Rebuild target 'Target 1'
assembling Startup.s...
compiling main.c...
compiling keyboard.c...
compiling led.c...
compiling timer.c...
compiling timer_interrupts.c...
compiling servo.c...
compiling uart.c...
linking...
Program Size: Code=2708 RO-data=32 RW-data=16 ZI-data=1272  
FromELF: creating hex file...
".\MISDZIOL.axf" - 0 Errors, 0 Warning(s).
Rebuild target 'Target 1'
assembling Startup.s...
compiling main.c...
compiling keyboard.c...
compiling led.c...
compiling timer.c...
compiling timer_interrupts.c...
compiling servo.c...
compiling uart.c...
linking...
Program Size: Code=2708 RO-data=32 RW-data=16 ZI-data=1272  
FromELF: creating hex file...
".\MISDZIOL.axf" - 0 Errors, 0 Warning(s).
Rebuild target 'Target 1'
assembling Startup.s...
compiling main.c...
compiling keyboard.c...
compiling led.c...
compiling timer.c...
compiling timer_interrupts.c...
compiling servo.c...
compiling uart.c...
linking...
Program Size: Code=2720 RO-data=32 RW-data=16 ZI-data=1272  
FromELF: creating hex file...
".\MISDZIOL.axf" - 0 Errors, 0 Warning(s).
Rebuild target 'Target 1'
assembling Startup.s...
compiling main.c...
compiling keyboard.c...
compiling led.c...
compiling timer.c...
compiling timer_interrupts.c...
compiling servo.c...
compiling uart.c...
linking...
Program Size: Code=2720 RO-data=32 RW-data=16 ZI-data=1272  
FromELF: creating hex file...
".\MISDZIOL.axf" - 0 Errors, 0 Warning(s).
Rebuild target 'Target 1'
assembling Startup.s...
compiling main.c...
compiling keyboard.c...
compiling led.c...
compiling timer.c...
compiling timer_interrupts.c...
compiling servo.c...
compiling uart.c...
linking...
Program Size: Code=2732 RO-data=32 RW-data=16 ZI-data=1272  
FromELF: creating hex file...
".\MISDZIOL.axf" - 0 Errors, 0 Warning(s).
Rebuild target 'Target 1'
assembling Startup.s...
compiling main.c...
compiling keyboard.c...
compiling led.c...
compiling timer.c...
compiling timer_interrupts.c...
compiling servo.c...
compiling uart.c...
linking...
Program Size: Code=2732 RO-data=32 RW-data=16 ZI-data=1272  
FromELF: creating hex file...
".\MISDZIOL.axf" - 0 Errors, 0 Warning(s).
Rebuild target 'Target 1'
assembling Startup.s...
compiling main.c...
compiling keyboard.c...
compiling led.c...
compiling timer.c...
compiling timer_interrupts.c...
compiling servo.c...
compiling uart.c...
linking...
Program Size: Code=2864 RO-data=32 RW-data=16 ZI-data=1272  
FromELF: creating hex file...
".\MISDZIOL.axf" - 0 Errors, 0 Warning(s).
Rebuild target 'Target 1'
assembling Startup.s...
compiling main.c...
compiling keyboard.c...
compiling led.c...
compiling timer.c...
compiling timer_interrupts.c...
compiling servo.c...
compiling uart.c...
linking...
Program Size: Code=2864 RO-data=32 RW-data=16 ZI-data=1272  
FromELF: creating hex file...
".\MISDZIOL.axf" - 0 Errors, 0 Warning(s).
Rebuild target 'Target 1'
assembling Startup.s...
compiling main.c...
compiling keyboard.c...
compiling led.c...
compiling timer.c...
compiling timer_interrupts.c...
compiling servo.c...
compiling uart.c...
linking...
Program Size: Code=2864 RO-data=32 RW-data=16 ZI-data=1272  
FromELF: creating hex file...
".\MISDZIOL.axf" - 0 Errors, 0 Warning(s).
Rebuild target 'Target 1'
assembling Startup.s...
compiling main.c...
compiling keyboard.c...
compiling led.c...
compiling timer.c...
compiling timer_interrupts.c...
compiling servo.c...
compiling uart.c...
linking...
Program Size: Code=2868 RO-data=32 RW-data=16 ZI-data=1272  
FromELF: creating hex file...
".\MISDZIOL.axf" - 0 Errors, 0 Warning(s).
Rebuild target 'Target 1'
assembling Startup.s...
compiling main.c...
compiling keyboard.c...
compiling led.c...
compiling timer.c...
compiling timer_interrupts.c...
compiling servo.c...
compiling uart.c...
linking...
Program Size: Code=2868 RO-data=32 RW-data=16 ZI-data=1272  
FromELF: creating hex file...
".\MISDZIOL.axf" - 0 Errors, 0 Warning(s).
